188.166.226.142 - - [26/Mar/2018:06:48:21 +0000] "GET /System/Security/hylogin.aspx HTTP/1.1" 200 7803 "-" "Mozilla/5.0 (Macintosh; Intel Mac OS X 10.13; rv:58.0) Gecko/20100101 Firefox/58.0" "-" "35.167.180.73" sn="aj-demo2.ctrl.nginx.com" rt=0.001 ua="34.216.58.24:80" us="200" ut="0.001" ul="7803" cs=-
71.6.202.198 - - [26/Mar/2018:07:23:00 +0000] "GET /ccvv HTTP/1.1" 200 7751 "-" "Mozilla/5.0 (compatible; MSIE 9.0; Windows NT 6.1; WOW64)" "-" "35.167.180.73" sn="aj-demo2.ctrl.nginx.com" rt=0.001 ua="34.216.58.24:80" us="200" ut="0.001" ul="7751" cs=-
115.74.205.200 - - [26/Mar/2018:08:07:46 +0000] "GET / HTTP/1.0" 400 173 "-" "muhstik/1.0" "-" "aj-demo2.ctrl.nginx.com" sn="aj-demo2.ctrl.nginx.com" rt=0.001 ua="34.216.58.24:80" us="400" ut="0.001" ul="184" cs=-
115.74.205.200 - - [26/Mar/2018:08:08:16 +0000] "GET /webdav HTTP/1.0" 400 173 "-" "muhstik-scan/1.0" "-" "aj-demo2.ctrl.nginx.com" sn="aj-demo2.ctrl.nginx.com" rt=0.001 ua="34.216.58.24:80" us="400" ut="0.001" ul="184" cs=-
138.219.200.50 - - [26/Mar/2018:09:54:36 +0000] "GET / HTTP/1.0" 400 173 "-" "muhstik/1.0" "-" "aj-demo2.ctrl.nginx.com" sn="aj-demo2.ctrl.nginx.com" rt=0.001 ua="34.216.58.24:80" us="400" ut="0.001" ul="184" cs=-
138.219.200.50 - - [26/Mar/2018:09:55:06 +0000] "GET /webdav HTTP/1.0" 400 173 "-" "muhstik-scan/1.0" "-" "aj-demo2.ctrl.nginx.com" sn="aj-demo2.ctrl.nginx.com" rt=0.001 ua="34.216.58.24:80" us="400" ut="0.001" ul="184" cs=-
34.238.255.84 - - [26/Mar/2018:10:38:29 +0000] "GET / HTTP/1.1" 200 7801 "-" "Mozilla/5.0 (Windows NT 6.2;en-US) AppleWebKit/537.32.36 (KHTML, live Gecko) Chrome/56.0.3028.60 Safari/537.32" "-" "35.167.180.73" sn="aj-demo2.ctrl.nginx.com" rt=0.001 ua="34.216.58.24:80" us="200" ut="0.001" ul="7801" cs=-
114.45.88.80 - - [26/Mar/2018:11:54:41 +0000] "GET / HTTP/1.0" 400 173 "-" "muhstik/1.0" "-" "aj-demo2.ctrl.nginx.com" sn="aj-demo2.ctrl.nginx.com" rt=0.001 ua="34.216.58.24:80" us="400" ut="0.001" ul="184" cs=-
114.45.88.80 - - [26/Mar/2018:11:55:11 +0000] "GET /webdav HTTP/1.0" 400 173 "-" "muhstik-scan/1.0" "-" "aj-demo2.ctrl.nginx.com" sn="aj-demo2.ctrl.nginx.com" rt=0.001 ua="34.216.58.24:80" us="400" ut="0.001" ul="184" cs=-
37.236.200.65 - - [26/Mar/2018:13:19:21 +0000] "GET / HTTP/1.0" 400 173 "-" "muhstik/1.0" "-" "aj-demo2.ctrl.nginx.com" sn="aj-demo2.ctrl.nginx.com" rt=0.002 ua="34.216.58.24:80" us="400" ut="0.002" ul="184" cs=-
37.236.200.65 - - [26/Mar/2018:13:19:51 +0000] "GET /webdav HTTP/1.0" 400 173 "-" "muhstik-scan/1.0" "-" "aj-demo2.ctrl.nginx.com" sn="aj-demo2.ctrl.nginx.com" rt=0.001 ua="34.216.58.24:80" us="400" ut="0.001" ul="184" cs=-
172.246.132.90 - - [26/Mar/2018:15:01:24 +0000] "GET / HTTP/1.1" 200 7692 "-" "-" "-" "35.167.180.73" sn="aj-demo2.ctrl.nginx.com" rt=0.001 ua="34.216.58.24:80" us="200" ut="0.001" ul="7692" cs=-
1.9.139.32 - - [26/Mar/2018:15:15:20 +0000] "GET /phpmyadmin/scripts/setup.php HTTP/1.1" 200 7836 "-" "Mozilla/5.0 (Macintosh; Intel Mac OS X 10_12_3) AppleWebKit/537.36 (KHTML, like Gecko) Chrome/56.0.2924.87 Safari/537.36" "-" "35.167.180.73" sn="aj-demo2.ctrl.nginx.com" rt=0.003 ua="34.216.58.24:80" us="200" ut="0.003" ul="7836" cs=-
1.9.139.32 - - [26/Mar/2018:15:15:20 +0000] "GET /phpMyAdmin/scripts/setup.php HTTP/1.1" 200 7836 "-" "Mozilla/5.0 (Macintosh; Intel Mac OS X 10_12_3) AppleWebKit/537.36 (KHTML, like Gecko) Chrome/56.0.2924.87 Safari/537.36" "-" "35.167.180.73" sn="aj-demo2.ctrl.nginx.com" rt=0.001 ua="34.216.58.24:80" us="200" ut="0.001" ul="7836" cs=-
1.9.139.32 - - [26/Mar/2018:15:15:20 +0000] "GET /pma/scripts/setup.php HTTP/1.1" 200 7829 "-" "Mozilla/5.0 (Macintosh; Intel Mac OS X 10_12_3) AppleWebKit/537.36 (KHTML, like Gecko) Chrome/56.0.2924.87 Safari/537.36" "-" "35.167.180.73" sn="aj-demo2.ctrl.nginx.com" rt=0.000 ua="34.216.58.24:80" us="200" ut="0.000" ul="7829" cs=-
1.9.139.32 - - [26/Mar/2018:15:15:21 +0000] "GET /PhpMyAdmin/scripts/setup.php HTTP/1.1" 200 7836 "-" "Mozilla/5.0 (Macintosh; Intel Mac OS X 10_12_3) AppleWebKit/537.36 (KHTML, like Gecko) Chrome/56.0.2924.87 Safari/537.36" "-" "35.167.180.73" sn="aj-demo2.ctrl.nginx.com" rt=0.001 ua="34.216.58.24:80" us="200" ut="0.001" ul="7836" cs=-
1.9.139.32 - - [26/Mar/2018:15:15:21 +0000] "GET /mysql/scripts/setup.php HTTP/1.1" 200 7831 "-" "Mozilla/5.0 (Macintosh; Intel Mac OS X 10_12_3) AppleWebKit/537.36 (KHTML, like Gecko) Chrome/56.0.2924.87 Safari/537.36" "-" "35.167.180.73" sn="aj-demo2.ctrl.nginx.com" rt=0.000 ua="34.216.58.24:80" us="200" ut="0.000" ul="7831" cs=-
1.9.139.32 - - [26/Mar/2018:15:15:22 +0000] "GET /dbadmin/scripts/setup.php HTTP/1.1" 200 7833 "-" "Mozilla/5.0 (Macintosh; Intel Mac OS X 10_12_3) AppleWebKit/537.36 (KHTML, like Gecko) Chrome/56.0.2924.87 Safari/537.36" "-" "35.167.180.73" sn="aj-demo2.ctrl.nginx.com" rt=0.000 ua="34.216.58.24:80" us="200" ut="0.000" ul="7833" cs=-
1.9.139.32 - - [26/Mar/2018:15:15:22 +0000] "GET /admin/scripts/setup.php HTTP/1.1" 200 7831 "-" "Mozilla/5.0 (Macintosh; Intel Mac OS X 10_12_3) AppleWebKit/537.36 (KHTML, like Gecko) Chrome/56.0.2924.87 Safari/537.36" "-" "35.167.180.73" sn="aj-demo2.ctrl.nginx.com" rt=0.001 ua="34.216.58.24:80" us="200" ut="0.001" ul="7831" cs=-
1.9.139.32 - - [26/Mar/2018:15:15:23 +0000] "GET /phpMyAdmin/_scripts/setup.php HTTP/1.1" 200 7837 "-" "Mozilla/5.0 (Macintosh; Intel Mac OS X 10_12_3) AppleWebKit/537.36 (KHTML, like Gecko) Chrome/56.0.2924.87 Safari/537.36" "-" "35.167.180.73" sn="aj-demo2.ctrl.nginx.com" rt=0.001 ua="34.216.58.24:80" us="200" ut="0.001" ul="7837" cs=-
1.9.139.32 - - [26/Mar/2018:15:15:23 +0000] "GET /phpmyadmin/_scripts/setup.php HTTP/1.1" 200 7844 "-" "Mozilla/5.0 (Macintosh; Intel Mac OS X 10_12_3) AppleWebKit/537.36 (KHTML, like Gecko) Chrome/56.0.2924.87 Safari/537.36" "-" "35.167.180.73" sn="aj-demo2.ctrl.nginx.com" rt=0.001 ua="34.216.58.24:80" us="200" ut="0.001" ul="7837" cs=-
1.9.139.32 - - [26/Mar/2018:15:15:27 +0000] "GET /phpMyAdmin2/scripts/setup.php HTTP/1.1" 200 7851 "-" "Mozilla/5.0 (Macintosh; Intel Mac OS X 10_12_3) AppleWebKit/537.36 (KHTML, like Gecko) Chrome/56.0.2924.87 Safari/537.36" "-" "35.167.180.73" sn="aj-demo2.ctrl.nginx.com" rt=0.001 ua="34.216.58.24:80" us="200" ut="0.001" ul="7837" cs=-
1.9.139.32 - - [26/Mar/2018:15:15:27 +0000] "GET /phpMyAdmin1/scripts/setup.php HTTP/1.1" 200 7844 "-" "Mozilla/5.0 (Macintosh; Intel Mac OS X 10_12_3) AppleWebKit/537.36 (KHTML, like Gecko) Chrome/56.0.2924.87 Safari/537.36" "-" "35.167.180.73" sn="aj-demo2.ctrl.nginx.com" rt=0.001 ua="34.216.58.24:80" us="200" ut="0.001" ul="7837" cs=-
1.9.139.32 - - [26/Mar/2018:15:15:28 +0000] "GET /scripts/setup.php HTTP/1.1" 200 7832 "-" "Mozilla/5.0 (Macintosh; Intel Mac OS X 10_12_3) AppleWebKit/537.36 (KHTML, like Gecko) Chrome/56.0.2924.87 Safari/537.36" "-" "35.167.180.73" sn="aj-demo2.ctrl.nginx.com" rt=0.001 ua="34.216.58.24:80" us="200" ut="0.001" ul="7825" cs=-
1.9.139.32 - - [26/Mar/2018:15:15:28 +0000] "GET /php-my-admin/scripts/setup.php HTTP/1.1" 200 7838 "-" "Mozilla/5.0 (Macintosh; Intel Mac OS X 10_12_3) AppleWebKit/537.36 (KHTML, like Gecko) Chrome/56.0.2924.87 Safari/537.36" "-" "35.167.180.73" sn="aj-demo2.ctrl.nginx.com" rt=0.001 ua="34.216.58.24:80" us="200" ut="0.001" ul="7838" cs=-
1.9.139.32 - - [26/Mar/2018:15:15:29 +0000] "GET /phpmyadmin/scripts/_setup.php HTTP/1.1" 200 7837 "-" "Mozilla/5.0 (Macintosh; Intel Mac OS X 10_12_3) AppleWebKit/537.36 (KHTML, like Gecko) Chrome/56.0.2924.87 Safari/537.36" "-" "35.167.180.73" sn="aj-demo2.ctrl.nginx.com" rt=0.001 ua="34.216.58.24:80" us="200" ut="0.001" ul="7837" cs=-
1.9.139.32 - - [26/Mar/2018:15:15:29 +0000] "GET /phpMyAdmin/scripts/_setup.php HTTP/1.1" 200 7837 "-" "Mozilla/5.0 (Macintosh; Intel Mac OS X 10_12_3) AppleWebKit/537.36 (KHTML, like Gecko) Chrome/56.0.2924.87 Safari/537.36" "-" "35.167.180.73" sn="aj-demo2.ctrl.nginx.com" rt=0.001 ua="34.216.58.24:80" us="200" ut="0.001" ul="7837" cs=-
1.9.139.32 - - [26/Mar/2018:15:15:30 +0000] "GET /setup.php HTTP/1.1" 200 7817 "-" "Mozilla/5.0 (Macintosh; Intel Mac OS X 10_12_3) AppleWebKit/537.36 (KHTML, like Gecko) Chrome/56.0.2924.87 Safari/537.36" "-" "35.167.180.73" sn="aj-demo2.ctrl.nginx.com" rt=0.000 ua="34.216.58.24:80" us="200" ut="0.000" ul="7817" cs=-
183.131.83.88 - - [26/Mar/2018:16:24:06 +0000] "GET /manager/html HTTP/1.1" 200 7741 "-" "Mozilla/3.0 (compatible; Indy Library)" "-" "35.167.180.73" sn="aj-demo2.ctrl.nginx.com" rt=0.002 ua="34.216.58.24:80" us="200" ut="0.002" ul="7741" cs=-
188.166.226.142 - - [26/Mar/2018:16:59:36 +0000] "GET /System/Security/hylogin.aspx HTTP/1.1" 200 7803 "-" "Mozilla/5.0 (Macintosh; Intel Mac OS X 10.13; rv:58.0) Gecko/20100101 Firefox/58.0" "-" "35.167.180.73" sn="aj-demo2.ctrl.nginx.com" rt=0.002 ua="34.216.58.24:80" us="200" ut="0.002" ul="7803" cs=-
54.88.74.11 - - [25/Mar/2018:09:31:37 +0000] "GET /phpmyadmin/ HTTP/1.1" 200 7815 "-" "Mozilla/5.0 (Windows NT 10.0; Win64; x64) AppleWebKit/537.36 (KHTML, like Gecko) Chrome/63.0.3239.132 Safari/537.36" "-" "35.167.180.73" sn="aj-demo2.ctrl.nginx.com" rt=0.001 ua="34.216.58.24:80" us="200" ut="0.001" ul="7815" cs=-
34.234.202.246 - - [25/Mar/2018:09:34:58 +0000] "GET /phpmyadmin/ HTTP/1.1" 200 7818 "-" "Mozilla/5.0 (Windows NT 10.0; Win64; x64) AppleWebKit/537.36 (KHTML, like Gecko) Chrome/63.0.3239.132 Safari/537.36" "-" "35.167.180.73" sn="aj-demo2.ctrl.nginx.com" rt=0.002 ua="34.216.58.24:80" us="200" ut="0.002" ul="7818" cs=-
61.216.108.168 - - [25/Mar/2018:10:08:38 +0000] "GET /phpmyadmin/ HTTP/1.1" 200 7818 "-" "Mozilla/5.0 (Windows NT 10.0; Win64; x64) AppleWebKit/537.36 (KHTML, like Gecko) Chrome/63.0.3239.132 Safari/537.36" "-" "35.167.180.73" sn="aj-demo2.ctrl.nginx.com" rt=0.002 ua="34.216.58.24:80" us="200" ut="0.002" ul="7818" cs=-
86.65.249.180 - - [25/Mar/2018:10:15:40 +0000] "GET /phpmyadmin/ HTTP/1.1" 200 7817 "-" "Mozilla/5.0 (Windows NT 10.0; Win64; x64) AppleWebKit/537.36 (KHTML, like Gecko) Chrome/63.0.3239.132 Safari/537.36" "-" "35.167.180.73" sn="aj-demo2.ctrl.nginx.com" rt=0.002 ua="34.216.58.24:80" us="200" ut="0.002" ul="7817" cs=-
221.185.84.217 - - [25/Mar/2018:11:28:09 +0000] "GET /phpmyadmin/ HTTP/1.1" 200 7818 "-" "Mozilla/5.0 (Windows NT 10.0; Win64; x64) AppleWebKit/537.36 (KHTML, like Gecko) Chrome/63.0.3239.132 Safari/537.36" "-" "35.167.180.73" sn="aj-demo2.ctrl.nginx.com" rt=0.001 ua="34.216.58.24:80" us="200" ut="0.001" ul="7818" cs=-
13.127.83.74 - - [25/Mar/2018:12:54:10 +0000] "GET /phpmyadmin/ HTTP/1.1" 200 7823 "-" "Mozilla/5.0 (Windows NT 10.0; Win64; x64) AppleWebKit/537.36 (KHTML, like Gecko) Chrome/63.0.3239.132 Safari/537.36" "-" "35.167.180.73" sn="aj-demo2.ctrl.nginx.com" rt=0.001 ua="34.216.58.24:80" us="200" ut="0.001" ul="7816" cs=-
188.166.226.142 - - [25/Mar/2018:13:28:09 +0000] "HEAD /template/default/images/logo.png HTTP/1.1" 200 0 "-" "Mozilla/5.0 (Macintosh; Intel Mac OS X 10.13; rv:58.0) Gecko/20100101 Firefox/58.0" "-" "www.wadpak.com" sn="aj-demo2.ctrl.nginx.com" rt=0.001 ua="34.216.58.24:80" us="200" ut="0.001" ul="0" cs=-
178.73.215.171 - - [25/Mar/2018:18:28:06 +0000] "GET / HTTP/1.0" 400 173 "-" "-" "-" "aj-demo2.ctrl.nginx.com" sn="aj-demo2.ctrl.nginx.com" rt=0.001 ua="34.216.58.24:80" us="400" ut="0.001" ul="184" cs=-
200.174.119.34 - - [25/Mar/2018:18:50:02 +0000] "GET / HTTP/1.0" 400 173 "-" "muhstik/1.0" "-" "aj-demo2.ctrl.nginx.com" sn="aj-demo2.ctrl.nginx.com" rt=0.006 ua="34.216.58.24:80" us="400" ut="0.006" ul="184" cs=-
200.174.119.34 - - [25/Mar/2018:18:50:32 +0000] "GET /webdav HTTP/1.0" 400 173 "-" "muhstik-scan/1.0" "-" "aj-demo2.ctrl.nginx.com" sn="aj-demo2.ctrl.nginx.com" rt=0.001 ua="34.216.58.24:80" us="400" ut="0.001" ul="184" cs=-
141.212.122.81 - - [25/Mar/2018:19:00:49 +0000] "GET /x HTTP/1.1" 400 173 "-" "Telesphoreo" "-" "aj-demo2.ctrl.nginx.com" sn="aj-demo2.ctrl.nginx.com" rt=0.000 ua="-" us="-" ut="-" ul="-" cs=-
51.174.83.207 - - [25/Mar/2018:21:45:06 +0000] "GET / HTTP/1.0" 400 173 "-" "muhstik/1.0" "-" "aj-demo2.ctrl.nginx.com" sn="aj-demo2.ctrl.nginx.com" rt=0.001 ua="34.216.58.24:80" us="400" ut="0.001" ul="184" cs=-
51.174.83.207 - - [25/Mar/2018:21:45:36 +0000] "GET /webdav HTTP/1.0" 400 173 "-" "muhstik-scan/1.0" "-" "aj-demo2.ctrl.nginx.com" sn="aj-demo2.ctrl.nginx.com" rt=0.001 ua="34.216.58.24:80" us="400" ut="0.001" ul="184" cs=-
217.236.181.229 - - [25/Mar/2018:22:45:53 +0000] "GET / HTTP/1.0" 400 173 "-" "muhstik/1.0" "-" "aj-demo2.ctrl.nginx.com" sn="aj-demo2.ctrl.nginx.com" rt=0.001 ua="34.216.58.24:80" us="400" ut="0.001" ul="184" cs=-
217.236.181.229 - - [25/Mar/2018:22:46:23 +0000] "GET /webdav HTTP/1.0" 400 173 "-" "muhstik-scan/1.0" "-" "aj-demo2.ctrl.nginx.com" sn="aj-demo2.ctrl.nginx.com" rt=0.001 ua="34.216.58.24:80" us="400" ut="0.001" ul="184" cs=-
54.146.36.62 - - [25/Mar/2018:23:56:20 +0000] "HEAD / HTTP/1.1" 200 0 "-" "Cloud mapping experiment. Contact research@pdrlabs.net" "-" "35.167.180.73" sn="aj-demo2.ctrl.nginx.com" rt=0.001 ua="34.216.58.24:80" us="200" ut="0.001" ul="0" cs=-
54.146.36.62 - - [25/Mar/2018:23:56:20 +0000] "GET /clientaccesspolicy.xml HTTP/1.1" 200 7766 "-" "Cloud mapping experiment. Contact research@pdrlabs.net" "-" "35.167.180.73" sn="aj-demo2.ctrl.nginx.com" rt=0.000 ua="34.216.58.24:80" us="200" ut="0.000" ul="7766" cs=-
37.99.45.250 - - [26/Mar/2018:00:05:35 +0000] "GET / HTTP/1.0" 400 173 "-" "muhstik/1.0" "-" "aj-demo2.ctrl.nginx.com" sn="aj-demo2.ctrl.nginx.com" rt=0.001 ua="34.216.58.24:80" us="400" ut="0.001" ul="184" cs=-
37.99.45.250 - - [26/Mar/2018:00:06:06 +0000] "GET /webdav HTTP/1.0" 400 173 "-" "muhstik-scan/1.0" "-" "aj-demo2.ctrl.nginx.com" sn="aj-demo2.ctrl.nginx.com" rt=0.001 ua="34.216.58.24:80" us="400" ut="0.001" ul="184" cs=-
122.114.242.250 - - [26/Mar/2018:01:22:56 +0000] "GET / HTTP/1.1" 200 7772 "-" "User-Agent:Mozilla/4.0 (compatible; MSIE 6.0; Windows NT 5.2; .NET CLR 1.0.3705" "-" "35.167.180.73" sn="aj-demo2.ctrl.nginx.com" rt=0.002 ua="34.216.58.24:80" us="200" ut="0.002" ul="7772" cs=-
122.114.242.250 - - [26/Mar/2018:01:24:21 +0000] "GET /index.action HTTP/1.1" 200 7825 "-" "Mozilla/5.0 (Macintosh; Intel Mac OS X 10_12_3) AppleWebKit/537.36 (KHTML, like Gecko) Chrome/56.0.2924.87 Safari/537.36" "-" "35.167.180.73" sn="aj-demo2.ctrl.nginx.com" rt=0.218 ua="34.216.58.24:80" us="200" ut="0.002" ul="7825" cs=-
34.213.168.211 - - [26/Mar/2018:02:10:36 +0000] "GET / HTTP/1.1" 200 7813 "-" "Mozilla/5.0 (Macintosh; Intel Mac OS X 10_11_5) AppleWebKit/537.36 (KHTML, like Gecko) Chrome/50.0.2661.102 Safari/537.36" "-" "35.167.180.73" sn="aj-demo2.ctrl.nginx.com" rt=0.001 ua="34.216.58.24:80" us="200" ut="0.001" ul="7813" cs=-
168.167.141.76 - - [26/Mar/2018:02:12:16 +0000] "GET / HTTP/1.0" 200 7690 "-" "muhstik/1.0" "-" "35.167.180.73" sn="aj-demo2.ctrl.nginx.com" rt=0.002 ua="34.216.58.24:80" us="200" ut="0.002" ul="7703" cs=-
168.167.141.76 - - [26/Mar/2018:02:12:46 +0000] "GET /webdav HTTP/1.0" 200 7701 "-" "muhstik-scan/1.0" "-" "35.167.180.73" sn="aj-demo2.ctrl.nginx.com" rt=0.001 ua="34.216.58.24:80" us="200" ut="0.001" ul="7714" cs=-
54.224.14.159 - - [26/Mar/2018:02:22:43 +0000] "HEAD / HTTP/1.1" 200 0 "-" "Cloud mapping experiment. Contact research@pdrlabs.net" "-" "35.167.180.73" sn="aj-demo2.ctrl.nginx.com" rt=0.001 ua="34.216.58.24:80" us="200" ut="0.001" ul="0" cs=-
54.224.14.159 - - [26/Mar/2018:02:22:43 +0000] "GET /clientaccesspolicy.xml HTTP/1.1" 200 7767 "-" "Cloud mapping experiment. Contact research@pdrlabs.net" "-" "35.167.180.73" sn="aj-demo2.ctrl.nginx.com" rt=0.001 ua="34.216.58.24:80" us="200" ut="0.001" ul="7767" cs=-
54.224.150.22 - - [26/Mar/2018:02:22:48 +0000] "HEAD / HTTP/1.1" 200 0 "-" "Cloud mapping experiment. Contact research@pdrlabs.net" "-" "35.167.180.73" sn="aj-demo2.ctrl.nginx.com" rt=0.001 ua="34.216.58.24:80" us="200" ut="0.001" ul="0" cs=-
54.224.150.22 - - [26/Mar/2018:02:22:49 +0000] "GET /clientaccesspolicy.xml HTTP/1.1" 200 7767 "-" "Cloud mapping experiment. Contact research@pdrlabs.net" "-" "35.167.180.73" sn="aj-demo2.ctrl.nginx.com" rt=0.001 ua="34.216.58.24:80" us="200" ut="0.001" ul="7767" cs=-
185.96.232.151 - - [26/Mar/2018:03:49:58 +0000] "GET / HTTP/1.0" 400 173 "-" "muhstik/1.0" "-" "aj-demo2.ctrl.nginx.com" sn="aj-demo2.ctrl.nginx.com" rt=0.001 ua="34.216.58.24:80" us="400" ut="0.001" ul="184" cs=-
185.96.232.151 - - [26/Mar/2018:03:50:28 +0000] "GET /webdav HTTP/1.0" 400 173 "-" "muhstik-scan/1.0" "-" "aj-demo2.ctrl.nginx.com" sn="aj-demo2.ctrl.nginx.com" rt=0.001 ua="34.216.58.24:80" us="400" ut="0.001" ul="184" cs=-
89.26.17.177 - - [26/Mar/2018:04:05:29 +0000] "GET / HTTP/1.0" 400 173 "-" "muhstik/1.0" "-" "aj-demo2.ctrl.nginx.com" sn="aj-demo2.ctrl.nginx.com" rt=0.001 ua="34.216.58.24:80" us="400" ut="0.001" ul="184" cs=-
89.26.17.177 - - [26/Mar/2018:04:06:00 +0000] "GET /webdav HTTP/1.0" 400 173 "-" "muhstik-scan/1.0" "-" "aj-demo2.ctrl.nginx.com" sn="aj-demo2.ctrl.nginx.com" rt=0.001 ua="34.216.58.24:80" us="400" ut="0.001" ul="184" cs=-
189.50.148.67 - - [26/Mar/2018:04:22:06 +0000] "GET / HTTP/1.0" 400 173 "-" "muhstik/1.0" "-" "aj-demo2.ctrl.nginx.com" sn="aj-demo2.ctrl.nginx.com" rt=0.001 ua="34.216.58.24:80" us="400" ut="0.001" ul="184" cs=-
189.50.148.67 - - [26/Mar/2018:04:22:37 +0000] "GET /webdav HTTP/1.0" 400 173 "-" "muhstik-scan/1.0" "-" "aj-demo2.ctrl.nginx.com" sn="aj-demo2.ctrl.nginx.com" rt=0.001 ua="34.216.58.24:80" us="400" ut="0.001" ul="184" cs=-
5.26.65.118 - - [26/Mar/2018:05:50:01 +0000] "GET / HTTP/1.0" 400 173 "-" "muhstik/1.0" "-" "aj-demo2.ctrl.nginx.com" sn="aj-demo2.ctrl.nginx.com" rt=0.001 ua="34.216.58.24:80" us="400" ut="0.001" ul="184" cs=-
5.26.65.118 - - [26/Mar/2018:05:50:32 +0000] "GET /webdav HTTP/1.0" 400 173 "-" "muhstik-scan/1.0" "-" "aj-demo2.ctrl.nginx.com" sn="aj-demo2.ctrl.nginx.com" rt=0.001 ua="34.216.58.24:80" us="400" ut="0.001" ul="184" cs=-
203.59.220.170 - - [26/Mar/2018:05:56:34 +0000] "GET / HTTP/1.0" 400 173 "-" "muhstik/1.0" "-" "aj-demo2.ctrl.nginx.com" sn="aj-demo2.ctrl.nginx.com" rt=0.001 ua="34.216.58.24:80" us="400" ut="0.001" ul="184" cs=-
203.59.220.170 - - [26/Mar/2018:05:57:05 +0000] "GET /webdav HTTP/1.0" 400 173 "-" "muhstik-scan/1.0" "-" "aj-demo2.ctrl.nginx.com" sn="aj-demo2.ctrl.nginx.com" rt=0.001 ua="34.216.58.24:80" us="400" ut="0.001" ul="184" cs=-
188.166.226.142 - - [26/Mar/2018:06:48:21 +0000] "GET /System/Security/hylogin.aspx HTTP/1.1" 200 7803 "-" "Mozilla/5.0 (Macintosh; Intel Mac OS X 10.13; rv:58.0) Gecko/20100101 Firefox/58.0" "-" "35.167.180.73" sn="aj-demo2.ctrl.nginx.com" rt=0.001 ua="34.216.58.24:80" us="200" ut="0.001" ul="7803" cs=-
71.6.202.198 - - [26/Mar/2018:07:23:00 +0000] "GET /ccvv HTTP/1.1" 200 7751 "-" "Mozilla/5.0 (compatible; MSIE 9.0; Windows NT 6.1; WOW64)" "-" "35.167.180.73" sn="aj-demo2.ctrl.nginx.com" rt=0.001 ua="34.216.58.24:80" us="200" ut="0.001" ul="7751" cs=-
115.74.205.200 - - [26/Mar/2018:08:07:46 +0000] "GET / HTTP/1.0" 400 173 "-" "muhstik/1.0" "-" "aj-demo2.ctrl.nginx.com" sn="aj-demo2.ctrl.nginx.com" rt=0.001 ua="34.216.58.24:80" us="400" ut="0.001" ul="184" cs=-
115.74.205.200 - - [26/Mar/2018:08:08:16 +0000] "GET /webdav HTTP/1.0" 400 173 "-" "muhstik-scan/1.0" "-" "aj-demo2.ctrl.nginx.com" sn="aj-demo2.ctrl.nginx.com" rt=0.001 ua="34.216.58.24:80" us="400" ut="0.001" ul="184" cs=-
138.219.200.50 - - [26/Mar/2018:09:54:36 +0000] "GET / HTTP/1.0" 400 173 "-" "muhstik/1.0" "-" "aj-demo2.ctrl.nginx.com" sn="aj-demo2.ctrl.nginx.com" rt=0.001 ua="34.216.58.24:80" us="400" ut="0.001" ul="184" cs=-
138.219.200.50 - - [26/Mar/2018:09:55:06 +0000] "GET /webdav HTTP/1.0" 400 173 "-" "muhstik-scan/1.0" "-" "aj-demo2.ctrl.nginx.com" sn="aj-demo2.ctrl.nginx.com" rt=0.001 ua="34.216.58.24:80" us="400" ut="0.001" ul="184" cs=-
34.238.255.84 - - [26/Mar/2018:10:38:29 +0000] "GET / HTTP/1.1" 200 7801 "-" "Mozilla/5.0 (Windows NT 6.2;en-US) AppleWebKit/537.32.36 (KHTML, live Gecko) Chrome/56.0.3028.60 Safari/537.32" "-" "35.167.180.73" sn="aj-demo2.ctrl.nginx.com" rt=0.001 ua="34.216.58.24:80" us="200" ut="0.001" ul="7801" cs=-
114.45.88.80 - - [26/Mar/2018:11:54:41 +0000] "GET / HTTP/1.0" 400 173 "-" "muhstik/1.0" "-" "aj-demo2.ctrl.nginx.com" sn="aj-demo2.ctrl.nginx.com" rt=0.001 ua="34.216.58.24:80" us="400" ut="0.001" ul="184" cs=-
114.45.88.80 - - [26/Mar/2018:11:55:11 +0000] "GET /webdav HTTP/1.0" 400 173 "-" "muhstik-scan/1.0" "-" "aj-demo2.ctrl.nginx.com" sn="aj-demo2.ctrl.nginx.com" rt=0.001 ua="34.216.58.24:80" us="400" ut="0.001" ul="184" cs=-
37.236.200.65 - - [26/Mar/2018:13:19:21 +0000] "GET / HTTP/1.0" 400 173 "-" "muhstik/1.0" "-" "aj-demo2.ctrl.nginx.com" sn="aj-demo2.ctrl.nginx.com" rt=0.002 ua="34.216.58.24:80" us="400" ut="0.002" ul="184" cs=-
37.236.200.65 - - [26/Mar/2018:13:19:51 +0000] "GET /webdav HTTP/1.0" 400 173 "-" "muhstik-scan/1.0" "-" "aj-demo2.ctrl.nginx.com" sn="aj-demo2.ctrl.nginx.com" rt=0.001 ua="34.216.58.24:80" us="400" ut="0.001" ul="184" cs=-
172.246.132.90 - - [26/Mar/2018:15:01:24 +0000] "GET / HTTP/1.1" 200 7692 "-" "-" "-" "35.167.180.73" sn="aj-demo2.ctrl.nginx.com" rt=0.001 ua="34.216.58.24:80" us="200" ut="0.001" ul="7692" cs=-
1.9.139.32 - - [26/Mar/2018:15:15:20 +0000] "GET /phpmyadmin/scripts/setup.php HTTP/1.1" 200 7836 "-" "Mozilla/5.0 (Macintosh; Intel Mac OS X 10_12_3) AppleWebKit/537.36 (KHTML, like Gecko) Chrome/56.0.2924.87 Safari/537.36" "-" "35.167.180.73" sn="aj-demo2.ctrl.nginx.com" rt=0.003 ua="34.216.58.24:80" us="200" ut="0.003" ul="7836" cs=-
1.9.139.32 - - [26/Mar/2018:15:15:20 +0000] "GET /phpMyAdmin/scripts/setup.php HTTP/1.1" 200 7836 "-" "Mozilla/5.0 (Macintosh; Intel Mac OS X 10_12_3) AppleWebKit/537.36 (KHTML, like Gecko) Chrome/56.0.2924.87 Safari/537.36" "-" "35.167.180.73" sn="aj-demo2.ctrl.nginx.com" rt=0.001 ua="34.216.58.24:80" us="200" ut="0.001" ul="7836" cs=-
1.9.139.32 - - [26/Mar/2018:15:15:20 +0000] "GET /pma/scripts/setup.php HTTP/1.1" 200 7829 "-" "Mozilla/5.0 (Macintosh; Intel Mac OS X 10_12_3) AppleWebKit/537.36 (KHTML, like Gecko) Chrome/56.0.2924.87 Safari/537.36" "-" "35.167.180.73" sn="aj-demo2.ctrl.nginx.com" rt=0.000 ua="34.216.58.24:80" us="200" ut="0.000" ul="7829" cs=-
1.9.139.32 - - [26/Mar/2018:15:15:21 +0000] "GET /PhpMyAdmin/scripts/setup.php HTTP/1.1" 200 7836 "-" "Mozilla/5.0 (Macintosh; Intel Mac OS X 10_12_3) AppleWebKit/537.36 (KHTML, like Gecko) Chrome/56.0.2924.87 Safari/537.36" "-" "35.167.180.73" sn="aj-demo2.ctrl.nginx.com" rt=0.001 ua="34.216.58.24:80" us="200" ut="0.001" ul="7836" cs=-
1.9.139.32 - - [26/Mar/2018:15:15:21 +0000] "GET /mysql/scripts/setup.php HTTP/1.1" 200 7831 "-" "Mozilla/5.0 (Macintosh; Intel Mac OS X 10_12_3) AppleWebKit/537.36 (KHTML, like Gecko) Chrome/56.0.2924.87 Safari/537.36" "-" "35.167.180.73" sn="aj-demo2.ctrl.nginx.com" rt=0.000 ua="34.216.58.24:80" us="200" ut="0.000" ul="7831" cs=-
1.9.139.32 - - [26/Mar/2018:15:15:22 +0000] "GET /dbadmin/scripts/setup.php HTTP/1.1" 200 7833 "-" "Mozilla/5.0 (Macintosh; Intel Mac OS X 10_12_3) AppleWebKit/537.36 (KHTML, like Gecko) Chrome/56.0.2924.87 Safari/537.36" "-" "35.167.180.73" sn="aj-demo2.ctrl.nginx.com" rt=0.000 ua="34.216.58.24:80" us="200" ut="0.000" ul="7833" cs=-
1.9.139.32 - - [26/Mar/2018:15:15:22 +0000] "GET /admin/scripts/setup.php HTTP/1.1" 200 7831 "-" "Mozilla/5.0 (Macintosh; Intel Mac OS X 10_12_3) AppleWebKit/537.36 (KHTML, like Gecko) Chrome/56.0.2924.87 Safari/537.36" "-" "35.167.180.73" sn="aj-demo2.ctrl.nginx.com" rt=0.001 ua="34.216.58.24:80" us="200" ut="0.001" ul="7831" cs=-
1.9.139.32 - - [26/Mar/2018:15:15:23 +0000] "GET /phpMyAdmin/_scripts/setup.php HTTP/1.1" 200 7837 "-" "Mozilla/5.0 (Macintosh; Intel Mac OS X 10_12_3) AppleWebKit/537.36 (KHTML, like Gecko) Chrome/56.0.2924.87 Safari/537.36" "-" "35.167.180.73" sn="aj-demo2.ctrl.nginx.com" rt=0.001 ua="34.216.58.24:80" us="200" ut="0.001" ul="7837" cs=-
1.9.139.32 - - [26/Mar/2018:15:15:23 +0000] "GET /phpmyadmin/_scripts/setup.php HTTP/1.1" 200 7844 "-" "Mozilla/5.0 (Macintosh; Intel Mac OS X 10_12_3) AppleWebKit/537.36 (KHTML, like Gecko) Chrome/56.0.2924.87 Safari/537.36" "-" "35.167.180.73" sn="aj-demo2.ctrl.nginx.com" rt=0.001 ua="34.216.58.24:80" us="200" ut="0.001" ul="7837" cs=-
1.9.139.32 - - [26/Mar/2018:15:15:27 +0000] "GET /phpMyAdmin2/scripts/setup.php HTTP/1.1" 200 7851 "-" "Mozilla/5.0 (Macintosh; Intel Mac OS X 10_12_3) AppleWebKit/537.36 (KHTML, like Gecko) Chrome/56.0.2924.87 Safari/537.36" "-" "35.167.180.73" sn="aj-demo2.ctrl.nginx.com" rt=0.001 ua="34.216.58.24:80" us="200" ut="0.001" ul="7837" cs=-
1.9.139.32 - - [26/Mar/2018:15:15:27 +0000] "GET /phpMyAdmin1/scripts/setup.php HTTP/1.1" 200 7844 "-" "Mozilla/5.0 (Macintosh; Intel Mac OS X 10_12_3) AppleWebKit/537.36 (KHTML, like Gecko) Chrome/56.0.2924.87 Safari/537.36" "-" "35.167.180.73" sn="aj-demo2.ctrl.nginx.com" rt=0.001 ua="34.216.58.24:80" us="200" ut="0.001" ul="7837" cs=-
1.9.139.32 - - [26/Mar/2018:15:15:28 +0000] "GET /scripts/setup.php HTTP/1.1" 200 7832 "-" "Mozilla/5.0 (Macintosh; Intel Mac OS X 10_12_3) AppleWebKit/537.36 (KHTML, like Gecko) Chrome/56.0.2924.87 Safari/537.36" "-" "35.167.180.73" sn="aj-demo2.ctrl.nginx.com" rt=0.001 ua="34.216.58.24:80" us="200" ut="0.001" ul="7825" cs=-
1.9.139.32 - - [26/Mar/2018:15:15:28 +0000] "GET /php-my-admin/scripts/setup.php HTTP/1.1" 200 7838 "-" "Mozilla/5.0 (Macintosh; Intel Mac OS X 10_12_3) AppleWebKit/537.36 (KHTML, like Gecko) Chrome/56.0.2924.87 Safari/537.36" "-" "35.167.180.73" sn="aj-demo2.ctrl.nginx.com" rt=0.001 ua="34.216.58.24:80" us="200" ut="0.001" ul="7838" cs=-
1.9.139.32 - - [26/Mar/2018:15:15:29 +0000] "GET /phpmyadmin/scripts/_setup.php HTTP/1.1" 200 7837 "-" "Mozilla/5.0 (Macintosh; Intel Mac OS X 10_12_3) AppleWebKit/537.36 (KHTML, like Gecko) Chrome/56.0.2924.87 Safari/537.36" "-" "35.167.180.73" sn="aj-demo2.ctrl.nginx.com" rt=0.001 ua="34.216.58.24:80" us="200" ut="0.001" ul="7837" cs=-
1.9.139.32 - - [26/Mar/2018:15:15:29 +0000] "GET /phpMyAdmin/scripts/_setup.php HTTP/1.1" 200 7837 "-" "Mozilla/5.0 (Macintosh; Intel Mac OS X 10_12_3) AppleWebKit/537.36 (KHTML, like Gecko) Chrome/56.0.2924.87 Safari/537.36" "-" "35.167.180.73" sn="aj-demo2.ctrl.nginx.com" rt=0.001 ua="34.216.58.24:80" us="200" ut="0.001" ul="7837" cs=-
1.9.139.32 - - [26/Mar/2018:15:15:30 +0000] "GET /setup.php HTTP/1.1" 200 7817 "-" "Mozilla/5.0 (Macintosh; Intel Mac OS X 10_12_3) AppleWebKit/537.36 (KHTML, like Gecko) Chrome/56.0.2924.87 Safari/537.36" "-" "35.167.180.73" sn="aj-demo2.ctrl.nginx.com" rt=0.000 ua="34.216.58.24:80" us="200" ut="0.000" ul="7817" cs=-
183.131.83.88 - - [26/Mar/2018:16:24:06 +0000] "GET /manager/html HTTP/1.1" 200 7741 "-" "Mozilla/3.0 (compatible; Indy Library)" "-" "35.167.180.73" sn="aj-demo2.ctrl.nginx.com" rt=0.002 ua="34.216.58.24:80" us="200" ut="0.002" ul="7741" cs=-
188.166.226.142 - - [26/Mar/2018:16:59:36 +0000] "GET /System/Security/hylogin.aspx HTTP/1.1" 200 7803 "-" "Mozilla/5.0 (Macintosh; Intel Mac OS X 10.13; rv:58.0) Gecko/20100101 Firefox/58.0" "-" "35.167.180.73" sn="aj-demo2.ctrl.nginx.com" rt=0.002 ua="34.216.58.24:80" us="200" ut="0.002" ul="7803" cs=-
54.88.74.11 - - [25/Mar/2018:09:31:37 +0000] "GET /phpmyadmin/ HTTP/1.1" 200 7815 "-" "Mozilla/5.0 (Windows NT 10.0; Win64; x64) AppleWebKit/537.36 (KHTML, like Gecko) Chrome/63.0.3239.132 Safari/537.36" "-" "35.167.180.73" sn="aj-demo2.ctrl.nginx.com" rt=0.001 ua="34.216.58.24:80" us="200" ut="0.001" ul="7815" cs=-
34.234.202.246 - - [25/Mar/2018:09:34:58 +0000] "GET /phpmyadmin/ HTTP/1.1" 200 7818 "-" "Mozilla/5.0 (Windows NT 10.0; Win64; x64) AppleWebKit/537.36 (KHTML, like Gecko) Chrome/63.0.3239.132 Safari/537.36" "-" "35.167.180.73" sn="aj-demo2.ctrl.nginx.com" rt=0.002 ua="34.216.58.24:80" us="200" ut="0.002" ul="7818" cs=-
61.216.108.168 - - [25/Mar/2018:10:08:38 +0000] "GET /phpmyadmin/ HTTP/1.1" 200 7818 "-" "Mozilla/5.0 (Windows NT 10.0; Win64; x64) AppleWebKit/537.36 (KHTML, like Gecko) Chrome/63.0.3239.132 Safari/537.36" "-" "35.167.180.73" sn="aj-demo2.ctrl.nginx.com" rt=0.002 ua="34.216.58.24:80" us="200" ut="0.002" ul="7818" cs=-
86.65.249.180 - - [25/Mar/2018:10:15:40 +0000] "GET /phpmyadmin/ HTTP/1.1" 200 7817 "-" "Mozilla/5.0 (Windows NT 10.0; Win64; x64) AppleWebKit/537.36 (KHTML, like Gecko) Chrome/63.0.3239.132 Safari/537.36" "-" "35.167.180.73" sn="aj-demo2.ctrl.nginx.com" rt=0.002 ua="34.216.58.24:80" us="200" ut="0.002" ul="7817" cs=-
221.185.84.217 - - [25/Mar/2018:11:28:09 +0000] "GET /phpmyadmin/ HTTP/1.1" 200 7818 "-" "Mozilla/5.0 (Windows NT 10.0; Win64; x64) AppleWebKit/537.36 (KHTML, like Gecko) Chrome/63.0.3239.132 Safari/537.36" "-" "35.167.180.73" sn="aj-demo2.ctrl.nginx.com" rt=0.001 ua="34.216.58.24:80" us="200" ut="0.001" ul="7818" cs=-
13.127.83.74 - - [25/Mar/2018:12:54:10 +0000] "GET /phpmyadmin/ HTTP/1.1" 200 7823 "-" "Mozilla/5.0 (Windows NT 10.0; Win64; x64) AppleWebKit/537.36 (KHTML, like Gecko) Chrome/63.0.3239.132 Safari/537.36" "-" "35.167.180.73" sn="aj-demo2.ctrl.nginx.com" rt=0.001 ua="34.216.58.24:80" us="200" ut="0.001" ul="7816" cs=-
188.166.226.142 - - [25/Mar/2018:13:28:09 +0000] "HEAD /template/default/images/logo.png HTTP/1.1" 200 0 "-" "Mozilla/5.0 (Macintosh; Intel Mac OS X 10.13; rv:58.0) Gecko/20100101 Firefox/58.0" "-" "www.wadpak.com" sn="aj-demo2.ctrl.nginx.com" rt=0.001 ua="34.216.58.24:80" us="200" ut="0.001" ul="0" cs=-
178.73.215.171 - - [25/Mar/2018:18:28:06 +0000] "GET / HTTP/1.0" 400 173 "-" "-" "-" "aj-demo2.ctrl.nginx.com" sn="aj-demo2.ctrl.nginx.com" rt=0.001 ua="34.216.58.24:80" us="400" ut="0.001" ul="184" cs=-
200.174.119.34 - - [25/Mar/2018:18:50:02 +0000] "GET / HTTP/1.0" 400 173 "-" "muhstik/1.0" "-" "aj-demo2.ctrl.nginx.com" sn="aj-demo2.ctrl.nginx.com" rt=0.006 ua="34.216.58.24:80" us="400" ut="0.006" ul="184" cs=-
200.174.119.34 - - [25/Mar/2018:18:50:32 +0000] "GET /webdav HTTP/1.0" 400 173 "-" "muhstik-scan/1.0" "-" "aj-demo2.ctrl.nginx.com" sn="aj-demo2.ctrl.nginx.com" rt=0.001 ua="34.216.58.24:80" us="400" ut="0.001" ul="184" cs=-
141.212.122.81 - - [25/Mar/2018:19:00:49 +0000] "GET /x HTTP/1.1" 400 173 "-" "Telesphoreo" "-" "aj-demo2.ctrl.nginx.com" sn="aj-demo2.ctrl.nginx.com" rt=0.000 ua="-" us="-" ut="-" ul="-" cs=-
51.174.83.207 - - [25/Mar/2018:21:45:06 +0000] "GET / HTTP/1.0" 400 173 "-" "muhstik/1.0" "-" "aj-demo2.ctrl.nginx.com" sn="aj-demo2.ctrl.nginx.com" rt=0.001 ua="34.216.58.24:80" us="400" ut="0.001" ul="184" cs=-
51.174.83.207 - - [25/Mar/2018:21:45:36 +0000] "GET /webdav HTTP/1.0" 400 173 "-" "muhstik-scan/1.0" "-" "aj-demo2.ctrl.nginx.com" sn="aj-demo2.ctrl.nginx.com" rt=0.001 ua="34.216.58.24:80" us="400" ut="0.001" ul="184" cs=-
217.236.181.229 - - [25/Mar/2018:22:45:53 +0000] "GET / HTTP/1.0" 400 173 "-" "muhstik/1.0" "-" "aj-demo2.ctrl.nginx.com" sn="aj-demo2.ctrl.nginx.com" rt=0.001 ua="34.216.58.24:80" us="400" ut="0.001" ul="184" cs=-
217.236.181.229 - - [25/Mar/2018:22:46:23 +0000] "GET /webdav HTTP/1.0" 400 173 "-" "muhstik-scan/1.0" "-" "aj-demo2.ctrl.nginx.com" sn="aj-demo2.ctrl.nginx.com" rt=0.001 ua="34.216.58.24:80" us="400" ut="0.001" ul="184" cs=-
54.146.36.62 - - [25/Mar/2018:23:56:20 +0000] "HEAD / HTTP/1.1" 200 0 "-" "Cloud mapping experiment. Contact research@pdrlabs.net" "-" "35.167.180.73" sn="aj-demo2.ctrl.nginx.com" rt=0.001 ua="34.216.58.24:80" us="200" ut="0.001" ul="0" cs=-
54.146.36.62 - - [25/Mar/2018:23:56:20 +0000] "GET /clientaccesspolicy.xml HTTP/1.1" 200 7766 "-" "Cloud mapping experiment. Contact research@pdrlabs.net" "-" "35.167.180.73" sn="aj-demo2.ctrl.nginx.com" rt=0.000 ua="34.216.58.24:80" us="200" ut="0.000" ul="7766" cs=-
37.99.45.250 - - [26/Mar/2018:00:05:35 +0000] "GET / HTTP/1.0" 400 173 "-" "muhstik/1.0" "-" "aj-demo2.ctrl.nginx.com" sn="aj-demo2.ctrl.nginx.com" rt=0.001 ua="34.216.58.24:80" us="400" ut="0.001" ul="184" cs=-
37.99.45.250 - - [26/Mar/2018:00:06:06 +0000] "GET /webdav HTTP/1.0" 400 173 "-" "muhstik-scan/1.0" "-" "aj-demo2.ctrl.nginx.com" sn="aj-demo2.ctrl.nginx.com" rt=0.001 ua="34.216.58.24:80" us="400" ut="0.001" ul="184" cs=-
122.114.242.250 - - [26/Mar/2018:01:22:56 +0000] "GET / HTTP/1.1" 200 7772 "-" "User-Agent:Mozilla/4.0 (compatible; MSIE 6.0; Windows NT 5.2; .NET CLR 1.0.3705" "-" "35.167.180.73" sn="aj-demo2.ctrl.nginx.com" rt=0.002 ua="34.216.58.24:80" us="200" ut="0.002" ul="7772" cs=-
122.114.242.250 - - [26/Mar/2018:01:24:21 +0000] "GET /index.action HTTP/1.1" 200 7825 "-" "Mozilla/5.0 (Macintosh; Intel Mac OS X 10_12_3) AppleWebKit/537.36 (KHTML, like Gecko) Chrome/56.0.2924.87 Safari/537.36" "-" "35.167.180.73" sn="aj-demo2.ctrl.nginx.com" rt=0.218 ua="34.216.58.24:80" us="200" ut="0.002" ul="7825" cs=-
34.213.168.211 - - [26/Mar/2018:02:10:36 +0000] "GET / HTTP/1.1" 200 7813 "-" "Mozilla/5.0 (Macintosh; Intel Mac OS X 10_11_5) AppleWebKit/537.36 (KHTML, like Gecko) Chrome/50.0.2661.102 Safari/537.36" "-" "35.167.180.73" sn="aj-demo2.ctrl.nginx.com" rt=0.001 ua="34.216.58.24:80" us="200" ut="0.001" ul="7813" cs=-
168.167.141.76 - - [26/Mar/2018:02:12:16 +0000] "GET / HTTP/1.0" 200 7690 "-" "muhstik/1.0" "-" "35.167.180.73" sn="aj-demo2.ctrl.nginx.com" rt=0.002 ua="34.216.58.24:80" us="200" ut="0.002" ul="7703" cs=-
168.167.141.76 - - [26/Mar/2018:02:12:46 +0000] "GET /webdav HTTP/1.0" 200 7701 "-" "muhstik-scan/1.0" "-" "35.167.180.73" sn="aj-demo2.ctrl.nginx.com" rt=0.001 ua="34.216.58.24:80" us="200" ut="0.001" ul="7714" cs=-
54.224.14.159 - - [26/Mar/2018:02:22:43 +0000] "HEAD / HTTP/1.1" 200 0 "-" "Cloud mapping experiment. Contact research@pdrlabs.net" "-" "35.167.180.73" sn="aj-demo2.ctrl.nginx.com" rt=0.001 ua="34.216.58.24:80" us="200" ut="0.001" ul="0" cs=-
54.224.14.159 - - [26/Mar/2018:02:22:43 +0000] "GET /clientaccesspolicy.xml HTTP/1.1" 200 7767 "-" "Cloud mapping experiment. Contact research@pdrlabs.net" "-" "35.167.180.73" sn="aj-demo2.ctrl.nginx.com" rt=0.001 ua="34.216.58.24:80" us="200" ut="0.001" ul="7767" cs=-
54.224.150.22 - - [26/Mar/2018:02:22:48 +0000] "HEAD / HTTP/1.1" 200 0 "-" "Cloud mapping experiment. Contact research@pdrlabs.net" "-" "35.167.180.73" sn="aj-demo2.ctrl.nginx.com" rt=0.001 ua="34.216.58.24:80" us="200" ut="0.001" ul="0" cs=-
54.224.150.22 - - [26/Mar/2018:02:22:49 +0000] "GET /clientaccesspolicy.xml HTTP/1.1" 200 7767 "-" "Cloud mapping experiment. Contact research@pdrlabs.net" "-" "35.167.180.73" sn="aj-demo2.ctrl.nginx.com" rt=0.001 ua="34.216.58.24:80" us="200" ut="0.001" ul="7767" cs=-
185.96.232.151 - - [26/Mar/2018:03:49:58 +0000] "GET / HTTP/1.0" 400 173 "-" "muhstik/1.0" "-" "aj-demo2.ctrl.nginx.com" sn="aj-demo2.ctrl.nginx.com" rt=0.001 ua="34.216.58.24:80" us="400" ut="0.001" ul="184" cs=-
185.96.232.151 - - [26/Mar/2018:03:50:28 +0000] "GET /webdav HTTP/1.0" 400 173 "-" "muhstik-scan/1.0" "-" "aj-demo2.ctrl.nginx.com" sn="aj-demo2.ctrl.nginx.com" rt=0.001 ua="34.216.58.24:80" us="400" ut="0.001" ul="184" cs=-
89.26.17.177 - - [26/Mar/2018:04:05:29 +0000] "GET / HTTP/1.0" 400 173 "-" "muhstik/1.0" "-" "aj-demo2.ctrl.nginx.com" sn="aj-demo2.ctrl.nginx.com" rt=0.001 ua="34.216.58.24:80" us="400" ut="0.001" ul="184" cs=-
89.26.17.177 - - [26/Mar/2018:04:06:00 +0000] "GET /webdav HTTP/1.0" 400 173 "-" "muhstik-scan/1.0" "-" "aj-demo2.ctrl.nginx.com" sn="aj-demo2.ctrl.nginx.com" rt=0.001 ua="34.216.58.24:80" us="400" ut="0.001" ul="184" cs=-
189.50.148.67 - - [26/Mar/2018:04:22:06 +0000] "GET / HTTP/1.0" 400 173 "-" "muhstik/1.0" "-" "aj-demo2.ctrl.nginx.com" sn="aj-demo2.ctrl.nginx.com" rt=0.001 ua="34.216.58.24:80" us="400" ut="0.001" ul="184" cs=-
189.50.148.67 - - [26/Mar/2018:04:22:37 +0000] "GET /webdav HTTP/1.0" 400 173 "-" "muhstik-scan/1.0" "-" "aj-demo2.ctrl.nginx.com" sn="aj-demo2.ctrl.nginx.com" rt=0.001 ua="34.216.58.24:80" us="400" ut="0.001" ul="184" cs=-
5.26.65.118 - - [26/Mar/2018:05:50:01 +0000] "GET / HTTP/1.0" 400 173 "-" "muhstik/1.0" "-" "aj-demo2.ctrl.nginx.com" sn="aj-demo2.ctrl.nginx.com" rt=0.001 ua="34.216.58.24:80" us="400" ut="0.001" ul="184" cs=-
5.26.65.118 - - [26/Mar/2018:05:50:32 +0000] "GET /webdav HTTP/1.0" 400 173 "-" "muhstik-scan/1.0" "-" "aj-demo2.ctrl.nginx.com" sn="aj-demo2.ctrl.nginx.com" rt=0.001 ua="34.216.58.24:80" us="400" ut="0.001" ul="184" cs=-
203.59.220.170 - - [26/Mar/2018:05:56:34 +0000] "GET / HTTP/1.0" 400 173 "-" "muhstik/1.0" "-" "aj-demo2.ctrl.nginx.com" sn="aj-demo2.ctrl.nginx.com" rt=0.001 ua="34.216.58.24:80" us="400" ut="0.001" ul="184" cs=-
203.59.220.170 - - [26/Mar/2018:05:57:05 +0000] "GET /webdav HTTP/1.0" 400 173 "-" "muhstik-scan/1.0" "-" "aj-demo2.ctrl.nginx.com" sn="aj-demo2.ctrl.nginx.com" rt=0.001 ua="34.216.58.24:80" us="400" ut="0.001" ul="184" cs=-
188.166.226.142 - - [26/Mar/2018:06:48:21 +0000] "GET /System/Security/hylogin.aspx HTTP/1.1" 200 7803 "-" "Mozilla/5.0 (Macintosh; Intel Mac OS X 10.13; rv:58.0) Gecko/20100101 Firefox/58.0" "-" "35.167.180.73" sn="aj-demo2.ctrl.nginx.com" rt=0.001 ua="34.216.58.24:80" us="200" ut="0.001" ul="7803" cs=-
71.6.202.198 - - [26/Mar/2018:07:23:00 +0000] "GET /ccvv HTTP/1.1" 200 7751 "-" "Mozilla/5.0 (compatible; MSIE 9.0; Windows NT 6.1; WOW64)" "-" "35.167.180.73" sn="aj-demo2.ctrl.nginx.com" rt=0.001 ua="34.216.58.24:80" us="200" ut="0.001" ul="7751" cs=-
115.74.205.200 - - [26/Mar/2018:08:07:46 +0000] "GET / HTTP/1.0" 400 173 "-" "muhstik/1.0" "-" "aj-demo2.ctrl.nginx.com" sn="aj-demo2.ctrl.nginx.com" rt=0.001 ua="34.216.58.24:80" us="400" ut="0.001" ul="184" cs=-
115.74.205.200 - - [26/Mar/2018:08:08:16 +0000] "GET /webdav HTTP/1.0" 400 173 "-" "muhstik-scan/1.0" "-" "aj-demo2.ctrl.nginx.com" sn="aj-demo2.ctrl.nginx.com" rt=0.001 ua="34.216.58.24:80" us="400" ut="0.001" ul="184" cs=-
138.219.200.50 - - [26/Mar/2018:09:54:36 +0000] "GET / HTTP/1.0" 400 173 "-" "muhstik/1.0" "-" "aj-demo2.ctrl.nginx.com" sn="aj-demo2.ctrl.nginx.com" rt=0.001 ua="34.216.58.24:80" us="400" ut="0.001" ul="184" cs=-
138.219.200.50 - - [26/Mar/2018:09:55:06 +0000] "GET /webdav HTTP/1.0" 400 173 "-" "muhstik-scan/1.0" "-" "aj-demo2.ctrl.nginx.com" sn="aj-demo2.ctrl.nginx.com" rt=0.001 ua="34.216.58.24:80" us="400" ut="0.001" ul="184" cs=-
34.238.255.84 - - [26/Mar/2018:10:38:29 +0000] "GET / HTTP/1.1" 200 7801 "-" "Mozilla/5.0 (Windows NT 6.2;en-US) AppleWebKit/537.32.36 (KHTML, live Gecko) Chrome/56.0.3028.60 Safari/537.32" "-" "35.167.180.73" sn="aj-demo2.ctrl.nginx.com" rt=0.001 ua="34.216.58.24:80" us="200" ut="0.001" ul="7801" cs=-
114.45.88.80 - - [26/Mar/2018:11:54:41 +0000] "GET / HTTP/1.0" 400 173 "-" "muhstik/1.0" "-" "aj-demo2.ctrl.nginx.com" sn="aj-demo2.ctrl.nginx.com" rt=0.001 ua="34.216.58.24:80" us="400" ut="0.001" ul="184" cs=-
114.45.88.80 - - [26/Mar/2018:11:55:11 +0000] "GET /webdav HTTP/1.0" 400 173 "-" "muhstik-scan/1.0" "-" "aj-demo2.ctrl.nginx.com" sn="aj-demo2.ctrl.nginx.com" rt=0.001 ua="34.216.58.24:80" us="400" ut="0.001" ul="184" cs=-
37.236.200.65 - - [26/Mar/2018:13:19:21 +0000] "GET / HTTP/1.0" 400 173 "-" "muhstik/1.0" "-" "aj-demo2.ctrl.nginx.com" sn="aj-demo2.ctrl.nginx.com" rt=0.002 ua="34.216.58.24:80" us="400" ut="0.002" ul="184" cs=-
37.236.200.65 - - [26/Mar/2018:13:19:51 +0000] "GET /webdav HTTP/1.0" 400 173 "-" "muhstik-scan/1.0" "-" "aj-demo2.ctrl.nginx.com" sn="aj-demo2.ctrl.nginx.com" rt=0.001 ua="34.216.58.24:80" us="400" ut="0.001" ul="184" cs=-
172.246.132.90 - - [26/Mar/2018:15:01:24 +0000] "GET / HTTP/1.1" 200 7692 "-" "-" "-" "35.167.180.73" sn="aj-demo2.ctrl.nginx.com" rt=0.001 ua="34.216.58.24:80" us="200" ut="0.001" ul="7692" cs=-
1.9.139.32 - - [26/Mar/2018:15:15:20 +0000] "GET /phpmyadmin/scripts/setup.php HTTP/1.1" 200 7836 "-" "Mozilla/5.0 (Macintosh; Intel Mac OS X 10_12_3) AppleWebKit/537.36 (KHTML, like Gecko) Chrome/56.0.2924.87 Safari/537.36" "-" "35.167.180.73" sn="aj-demo2.ctrl.nginx.com" rt=0.003 ua="34.216.58.24:80" us="200" ut="0.003" ul="7836" cs=-
1.9.139.32 - - [26/Mar/2018:15:15:20 +0000] "GET /phpMyAdmin/scripts/setup.php HTTP/1.1" 200 7836 "-" "Mozilla/5.0 (Macintosh; Intel Mac OS X 10_12_3) AppleWebKit/537.36 (KHTML, like Gecko) Chrome/56.0.2924.87 Safari/537.36" "-" "35.167.180.73" sn="aj-demo2.ctrl.nginx.com" rt=0.001 ua="34.216.58.24:80" us="200" ut="0.001" ul="7836" cs=-
1.9.139.32 - - [26/Mar/2018:15:15:20 +0000] "GET /pma/scripts/setup.php HTTP/1.1" 200 7829 "-" "Mozilla/5.0 (Macintosh; Intel Mac OS X 10_12_3) AppleWebKit/537.36 (KHTML, like Gecko) Chrome/56.0.2924.87 Safari/537.36" "-" "35.167.180.73" sn="aj-demo2.ctrl.nginx.com" rt=0.000 ua="34.216.58.24:80" us="200" ut="0.000" ul="7829" cs=-
1.9.139.32 - - [26/Mar/2018:15:15:21 +0000] "GET /PhpMyAdmin/scripts/setup.php HTTP/1.1" 200 7836 "-" "Mozilla/5.0 (Macintosh; Intel Mac OS X 10_12_3) AppleWebKit/537.36 (KHTML, like Gecko) Chrome/56.0.2924.87 Safari/537.36" "-" "35.167.180.73" sn="aj-demo2.ctrl.nginx.com" rt=0.001 ua="34.216.58.24:80" us="200" ut="0.001" ul="7836" cs=-
1.9.139.32 - - [26/Mar/2018:15:15:21 +0000] "GET /mysql/scripts/setup.php HTTP/1.1" 200 7831 "-" "Mozilla/5.0 (Macintosh; Intel Mac OS X 10_12_3) AppleWebKit/537.36 (KHTML, like Gecko) Chrome/56.0.2924.87 Safari/537.36" "-" "35.167.180.73" sn="aj-demo2.ctrl.nginx.com" rt=0.000 ua="34.216.58.24:80" us="200" ut="0.000" ul="7831" cs=-
1.9.139.32 - - [26/Mar/2018:15:15:22 +0000] "GET /dbadmin/scripts/setup.php HTTP/1.1" 200 7833 "-" "Mozilla/5.0 (Macintosh; Intel Mac OS X 10_12_3) AppleWebKit/537.36 (KHTML, like Gecko) Chrome/56.0.2924.87 Safari/537.36" "-" "35.167.180.73" sn="aj-demo2.ctrl.nginx.com" rt=0.000 ua="34.216.58.24:80" us="200" ut="0.000" ul="7833" cs=-
1.9.139.32 - - [26/Mar/2018:15:15:22 +0000] "GET /admin/scripts/setup.php HTTP/1.1" 200 7831 "-" "Mozilla/5.0 (Macintosh; Intel Mac OS X 10_12_3) AppleWebKit/537.36 (KHTML, like Gecko) Chrome/56.0.2924.87 Safari/537.36" "-" "35.167.180.73" sn="aj-demo2.ctrl.nginx.com" rt=0.001 ua="34.216.58.24:80" us="200" ut="0.001" ul="7831" cs=-
1.9.139.32 - - [26/Mar/2018:15:15:23 +0000] "GET /phpMyAdmin/_scripts/setup.php HTTP/1.1" 200 7837 "-" "Mozilla/5.0 (Macintosh; Intel Mac OS X 10_12_3) AppleWebKit/537.36 (KHTML, like Gecko) Chrome/56.0.2924.87 Safari/537.36" "-" "35.167.180.73" sn="aj-demo2.ctrl.nginx.com" rt=0.001 ua="34.216.58.24:80" us="200" ut="0.001" ul="7837" cs=-
1.9.139.32 - - [26/Mar/2018:15:15:23 +0000] "GET /phpmyadmin/_scripts/setup.php HTTP/1.1" 200 7844 "-" "Mozilla/5.0 (Macintosh; Intel Mac OS X 10_12_3) AppleWebKit/537.36 (KHTML, like Gecko) Chrome/56.0.2924.87 Safari/537.36" "-" "35.167.180.73" sn="aj-demo2.ctrl.nginx.com" rt=0.001 ua="34.216.58.24:80" us="200" ut="0.001" ul="7837" cs=-
1.9.139.32 - - [26/Mar/2018:15:15:27 +0000] "GET /phpMyAdmin2/scripts/setup.php HTTP/1.1" 200 7851 "-" "Mozilla/5.0 (Macintosh; Intel Mac OS X 10_12_3) AppleWebKit/537.36 (KHTML, like Gecko) Chrome/56.0.2924.87 Safari/537.36" "-" "35.167.180.73" sn="aj-demo2.ctrl.nginx.com" rt=0.001 ua="34.216.58.24:80" us="200" ut="0.001" ul="7837" cs=-
1.9.139.32 - - [26/Mar/2018:15:15:27 +0000] "GET /phpMyAdmin1/scripts/setup.php HTTP/1.1" 200 7844 "-" "Mozilla/5.0 (Macintosh; Intel Mac OS X 10_12_3) AppleWebKit/537.36 (KHTML, like Gecko) Chrome/56.0.2924.87 Safari/537.36" "-" "35.167.180.73" sn="aj-demo2.ctrl.nginx.com" rt=0.001 ua="34.216.58.24:80" us="200" ut="0.001" ul="7837" cs=-
1.9.139.32 - - [26/Mar/2018:15:15:28 +0000] "GET /scripts/setup.php HTTP/1.1" 200 7832 "-" "Mozilla/5.0 (Macintosh; Intel Mac OS X 10_12_3) AppleWebKit/537.36 (KHTML, like Gecko) Chrome/56.0.2924.87 Safari/537.36" "-" "35.167.180.73" sn="aj-demo2.ctrl.nginx.com" rt=0.001 ua="34.216.58.24:80" us="200" ut="0.001" ul="7825" cs=-
1.9.139.32 - - [26/Mar/2018:15:15:28 +0000] "GET /php-my-admin/scripts/setup.php HTTP/1.1" 200 7838 "-" "Mozilla/5.0 (Macintosh; Intel Mac OS X 10_12_3) AppleWebKit/537.36 (KHTML, like Gecko) Chrome/56.0.2924.87 Safari/537.36" "-" "35.167.180.73" sn="aj-demo2.ctrl.nginx.com" rt=0.001 ua="34.216.58.24:80" us="200" ut="0.001" ul="7838" cs=-
1.9.139.32 - - [26/Mar/2018:15:15:29 +0000] "GET /phpmyadmin/scripts/_setup.php HTTP/1.1" 200 7837 "-" "Mozilla/5.0 (Macintosh; Intel Mac OS X 10_12_3) AppleWebKit/537.36 (KHTML, like Gecko) Chrome/56.0.2924.87 Safari/537.36" "-" "35.167.180.73" sn="aj-demo2.ctrl.nginx.com" rt=0.001 ua="34.216.58.24:80" us="200" ut="0.001" ul="7837" cs=-
1.9.139.32 - - [26/Mar/2018:15:15:29 +0000] "GET /phpMyAdmin/scripts/_setup.php HTTP/1.1" 200 7837 "-" "Mozilla/5.0 (Macintosh; Intel Mac OS X 10_12_3) AppleWebKit/537.36 (KHTML, like Gecko) Chrome/56.0.2924.87 Safari/537.36" "-" "35.167.180.73" sn="aj-demo2.ctrl.nginx.com" rt=0.001 ua="34.216.58.24:80" us="200" ut="0.001" ul="7837" cs=-
1.9.139.32 - - [26/Mar/2018:15:15:30 +0000] "GET /setup.php HTTP/1.1" 200 7817 "-" "Mozilla/5.0 (Macintosh; Intel Mac OS X 10_12_3) AppleWebKit/537.36 (KHTML, like Gecko) Chrome/56.0.2924.87 Safari/537.36" "-" "35.167.180.73" sn="aj-demo2.ctrl.nginx.com" rt=0.000 ua="34.216.58.24:80" us="200" ut="0.000" ul="7817" cs=-
183.131.83.88 - - [26/Mar/2018:16:24:06 +0000] "GET /manager/html HTTP/1.1" 200 7741 "-" "Mozilla/3.0 (compatible; Indy Library)" "-" "35.167.180.73" sn="aj-demo2.ctrl.nginx.com" rt=0.002 ua="34.216.58.24:80" us="200" ut="0.002" ul="7741" cs=-
188.166.226.142 - - [26/Mar/2018:16:59:36 +0000] "GET /System/Security/hylogin.aspx HTTP/1.1" 200 7803 "-" "Mozilla/5.0 (Macintosh; Intel Mac OS X 10.13; rv:58.0) Gecko/20100101 Firefox/58.0" "-" "35.167.180.73" sn="aj-demo2.ctrl.nginx.com" rt=0.002 ua="34.216.58.24:80" us="200" ut="0.002" ul="7803" cs=-
54.88.74.11 - - [25/Mar/2018:09:31:37 +0000] "GET /phpmyadmin/ HTTP/1.1" 200 7815 "-" "Mozilla/5.0 (Windows NT 10.0; Win64; x64) AppleWebKit/537.36 (KHTML, like Gecko) Chrome/63.0.3239.132 Safari/537.36" "-" "35.167.180.73" sn="aj-demo2.ctrl.nginx.com" rt=0.001 ua="34.216.58.24:80" us="200" ut="0.001" ul="7815" cs=-
34.234.202.246 - - [25/Mar/2018:09:34:58 +0000] "GET /phpmyadmin/ HTTP/1.1" 200 7818 "-" "Mozilla/5.0 (Windows NT 10.0; Win64; x64) AppleWebKit/537.36 (KHTML, like Gecko) Chrome/63.0.3239.132 Safari/537.36" "-" "35.167.180.73" sn="aj-demo2.ctrl.nginx.com" rt=0.002 ua="34.216.58.24:80" us="200" ut="0.002" ul="7818" cs=-
61.216.108.168 - - [25/Mar/2018:10:08:38 +0000] "GET /phpmyadmin/ HTTP/1.1" 200 7818 "-" "Mozilla/5.0 (Windows NT 10.0; Win64; x64) AppleWebKit/537.36 (KHTML, like Gecko) Chrome/63.0.3239.132 Safari/537.36" "-" "35.167.180.73" sn="aj-demo2.ctrl.nginx.com" rt=0.002 ua="34.216.58.24:80" us="200" ut="0.002" ul="7818" cs=-
86.65.249.180 - - [25/Mar/2018:10:15:40 +0000] "GET /phpmyadmin/ HTTP/1.1" 200 7817 "-" "Mozilla/5.0 (Windows NT 10.0; Win64; x64) AppleWebKit/537.36 (KHTML, like Gecko) Chrome/63.0.3239.132 Safari/537.36" "-" "35.167.180.73" sn="aj-demo2.ctrl.nginx.com" rt=0.002 ua="34.216.58.24:80" us="200" ut="0.002" ul="7817" cs=-
221.185.84.217 - - [25/Mar/2018:11:28:09 +0000] "GET /phpmyadmin/ HTTP/1.1" 200 7818 "-" "Mozilla/5.0 (Windows NT 10.0; Win64; x64) AppleWebKit/537.36 (KHTML, like Gecko) Chrome/63.0.3239.132 Safari/537.36" "-" "35.167.180.73" sn="aj-demo2.ctrl.nginx.com" rt=0.001 ua="34.216.58.24:80" us="200" ut="0.001" ul="7818" cs=-
13.127.83.74 - - [25/Mar/2018:12:54:10 +0000] "GET /phpmyadmin/ HTTP/1.1" 200 7823 "-" "Mozilla/5.0 (Windows NT 10.0; Win64; x64) AppleWebKit/537.36 (KHTML, like Gecko) Chrome/63.0.3239.132 Safari/537.36" "-" "35.167.180.73" sn="aj-demo2.ctrl.nginx.com" rt=0.001 ua="34.216.58.24:80" us="200" ut="0.001" ul="7816" cs=-
188.166.226.142 - - [25/Mar/2018:13:28:09 +0000] "HEAD /template/default/images/logo.png HTTP/1.1" 200 0 "-" "Mozilla/5.0 (Macintosh; Intel Mac OS X 10.13; rv:58.0) Gecko/20100101 Firefox/58.0" "-" "www.wadpak.com" sn="aj-demo2.ctrl.nginx.com" rt=0.001 ua="34.216.58.24:80" us="200" ut="0.001" ul="0" cs=-
178.73.215.171 - - [25/Mar/2018:18:28:06 +0000] "GET / HTTP/1.0" 400 173 "-" "-" "-" "aj-demo2.ctrl.nginx.com" sn="aj-demo2.ctrl.nginx.com" rt=0.001 ua="34.216.58.24:80" us="400" ut="0.001" ul="184" cs=-
200.174.119.34 - - [25/Mar/2018:18:50:02 +0000] "GET / HTTP/1.0" 400 173 "-" "muhstik/1.0" "-" "aj-demo2.ctrl.nginx.com" sn="aj-demo2.ctrl.nginx.com" rt=0.006 ua="34.216.58.24:80" us="400" ut="0.006" ul="184" cs=-
200.174.119.34 - - [25/Mar/2018:18:50:32 +0000] "GET /webdav HTTP/1.0" 400 173 "-" "muhstik-scan/1.0" "-" "aj-demo2.ctrl.nginx.com" sn="aj-demo2.ctrl.nginx.com" rt=0.001 ua="34.216.58.24:80" us="400" ut="0.001" ul="184" cs=-
141.212.122.81 - - [25/Mar/2018:19:00:49 +0000] "GET /x HTTP/1.1" 400 173 "-" "Telesphoreo" "-" "aj-demo2.ctrl.nginx.com" sn="aj-demo2.ctrl.nginx.com" rt=0.000 ua="-" us="-" ut="-" ul="-" cs=-
51.174.83.207 - - [25/Mar/2018:21:45:06 +0000] "GET / HTTP/1.0" 400 173 "-" "muhstik/1.0" "-" "aj-demo2.ctrl.nginx.com" sn="aj-demo2.ctrl.nginx.com" rt=0.001 ua="34.216.58.24:80" us="400" ut="0.001" ul="184" cs=-
51.174.83.207 - - [25/Mar/2018:21:45:36 +0000] "GET /webdav HTTP/1.0" 400 173 "-" "muhstik-scan/1.0" "-" "aj-demo2.ctrl.nginx.com" sn="aj-demo2.ctrl.nginx.com" rt=0.001 ua="34.216.58.24:80" us="400" ut="0.001" ul="184" cs=-
217.236.181.229 - - [25/Mar/2018:22:45:53 +0000] "GET / HTTP/1.0" 400 173 "-" "muhstik/1.0" "-" "aj-demo2.ctrl.nginx.com" sn="aj-demo2.ctrl.nginx.com" rt=0.001 ua="34.216.58.24:80" us="400" ut="0.001" ul="184" cs=-
217.236.181.229 - - [25/Mar/2018:22:46:23 +0000] "GET /webdav HTTP/1.0" 400 173 "-" "muhstik-scan/1.0" "-" "aj-demo2.ctrl.nginx.com" sn="aj-demo2.ctrl.nginx.com" rt=0.001 ua="34.216.58.24:80" us="400" ut="0.001" ul="184" cs=-
54.146.36.62 - - [25/Mar/2018:23:56:20 +0000] "HEAD / HTTP/1.1" 200 0 "-" "Cloud mapping experiment. Contact research@pdrlabs.net" "-" "35.167.180.73" sn="aj-demo2.ctrl.nginx.com" rt=0.001 ua="34.216.58.24:80" us="200" ut="0.001" ul="0" cs=-
54.146.36.62 - - [25/Mar/2018:23:56:20 +0000] "GET /clientaccesspolicy.xml HTTP/1.1" 200 7766 "-" "Cloud mapping experiment. Contact research@pdrlabs.net" "-" "35.167.180.73" sn="aj-demo2.ctrl.nginx.com" rt=0.000 ua="34.216.58.24:80" us="200" ut="0.000" ul="7766" cs=-
37.99.45.250 - - [26/Mar/2018:00:05:35 +0000] "GET / HTTP/1.0" 400 173 "-" "muhstik/1.0" "-" "aj-demo2.ctrl.nginx.com" sn="aj-demo2.ctrl.nginx.com" rt=0.001 ua="34.216.58.24:80" us="400" ut="0.001" ul="184" cs=-
37.99.45.250 - - [26/Mar/2018:00:06:06 +0000] "GET /webdav HTTP/1.0" 400 173 "-" "muhstik-scan/1.0" "-" "aj-demo2.ctrl.nginx.com" sn="aj-demo2.ctrl.nginx.com" rt=0.001 ua="34.216.58.24:80" us="400" ut="0.001" ul="184" cs=-
